// Jest Snapshot v1, https://goo.gl/fbAQLP

exports[`Icon render should render correctly 1`] = `
<div
  className="icon icon--color-grey icon--size-medium icon--clickable"
  onClick={[Function]}
>
  <i
    dangerouslySetInnerHTML={
      Object {
        "__html": Object {},
      }
    }
  />
</div>
`;
